// Jest Snapshot v1, https://goo.gl/fbAQLP

exports[`LikeButton renders the component 1`] = `<form><input type="text"> <button type="button">Enviar</button></form>`;
